my_data/test_img/clin_0001_L.jpg
my_data/test_img/clin_0001_R.jpg
my_data/test_img/clin_0002_L.jpg
my_data/test_img/clin_0002_R.jpg
my_data/test_img/clin_0003_L.jpg
my_data/test_img/clin_0003_R.jpg
my_data/test_img/clin_0004_L.jpg
my_data/test_img/clin_0004_R.jpg
my_data/test_img/clin_0005_L.jpg
my_data/test_img/clin_0005_R.jpg
my_data/test_img/clin_0006_L.jpg
my_data/test_img/clin_0006_R.jpg
my_data/test_img/clin_0007_L.jpg
my_data/test_img/clin_0007_R.jpg
my_data/test_img/clin_0008_L.jpg
my_data/test_img/clin_0008_R.jpg
my_data/test_img/clin_0009_L.jpg
my_data/test_img/clin_0009_R.jpg
my_data/test_img/clin_0010_L.jpg
my_data/test_img/clin_0010_R.jpg
my_data/test_img/clin_0011_L.jpg
my_data/test_img/clin_0011_R.jpg
my_data/test_img/clin_0012_L.jpg
my_data/test_img/clin_0012_R.jpg
my_data/test_img/clin_0013_L.jpg
my_data/test_img/clin_0013_R.jpg
my_data/test_img/clin_0014_L.jpg
my_data/test_img/clin_0014_R.jpg
my_data/test_img/clin_0015_L.jpg
my_data/test_img/clin_0015_R.jpg
my_data/test_img/clin_0016_L.jpg
my_data/test_img/clin_0016_R.jpg
my_data/test_img/clin_0017_L.jpg
my_data/test_img/clin_0017_R.jpg
my_data/test_img/clin_0018_L.jpg
my_data/test_img/clin_0018_R.jpg
my_data/test_img/clin_0019_L.jpg
my_data/test_img/clin_0019_R.jpg
my_data/test_img/clin_0020_L.jpg
my_data/test_img/clin_0020_R.jpg
my_data/test_img/clin_0021_L.jpg
my_data/test_img/clin_0021_R.jpg
my_data/test_img/clin_0022_L.jpg
my_data/test_img/clin_0022_R.jpg
my_data/test_img/clin_0023_L.jpg
my_data/test_img/clin_0023_R.jpg
my_data/test_img/clin_0024_L.jpg
my_data/test_img/clin_0024_R.jpg
my_data/test_img/clin_0025_L.jpg
my_data/test_img/clin_0025_R.jpg
my_data/test_img/clin_0026_L.jpg
my_data/test_img/clin_0026_R.jpg
my_data/test_img/clin_0027_L.jpg
my_data/test_img/clin_0027_R.jpg
my_data/test_img/clin_0028_L.jpg
my_data/test_img/clin_0028_R.jpg
my_data/test_img/clin_0029_L.jpg
my_data/test_img/clin_0029_R.jpg
my_data/test_img/clin_0030_L.jpg
my_data/test_img/clin_0030_R.jpg
my_data/test_img/clin_0031_L.jpg
my_data/test_img/clin_0031_R.jpg
my_data/test_img/clin_0032_L.jpg
my_data/test_img/clin_0032_R.jpg
my_data/test_img/clin_0033_L.jpg
my_data/test_img/clin_0033_R.jpg
my_data/test_img/clin_0034_L.jpg
my_data/test_img/clin_0034_R.jpg
my_data/test_img/clin_0035_L.jpg
my_data/test_img/clin_0035_R.jpg
my_data/test_img/clin_0036_L.jpg
my_data/test_img/clin_0036_R.jpg
my_data/test_img/clin_0037_L.jpg
my_data/test_img/clin_0037_R.jpg
my_data/test_img/clin_0038_L.jpg
my_data/test_img/clin_0038_R.jpg
my_data/test_img/clin_0039_L.jpg
my_data/test_img/clin_0039_R.jpg
my_data/test_img/clin_0040_L.jpg
my_data/test_img/clin_0040_R.jpg
my_data/test_img/clin_0041_L.jpg
my_data/test_img/clin_0041_R.jpg
my_data/test_img/clin_0042_L.jpg
my_data/test_img/clin_0042_R.jpg
my_data/test_img/clin_0043_L.jpg
my_data/test_img/clin_0043_R.jpg
my_data/test_img/clin_0044_L.jpg
my_data/test_img/clin_0044_R.jpg
my_data/test_img/clin_0045_L.jpg
my_data/test_img/clin_0045_R.jpg
my_data/test_img/clin_0046_L.jpg
my_data/test_img/clin_0046_R.jpg
my_data/test_img/clin_0047_L.jpg
my_data/test_img/clin_0047_R.jpg
my_data/test_img/clin_0048_L.jpg
my_data/test_img/clin_0048_R.jpg
my_data/test_img/clin_0049_L.jpg
my_data/test_img/clin_0049_R.jpg
my_data/test_img/clin_0050_L.jpg
my_data/test_img/clin_0050_R.jpg
my_data/test_img/clin_0051_L.jpg
my_data/test_img/clin_0051_R.jpg
my_data/test_img/clin_0052_L.jpg
my_data/test_img/clin_0052_R.jpg
my_data/test_img/clin_0053_L.jpg
my_data/test_img/clin_0053_R.jpg
my_data/test_img/clin_0054_L.jpg
my_data/test_img/clin_0054_R.jpg
my_data/test_img/clin_0055_L.jpg
my_data/test_img/clin_0055_R.jpg
my_data/test_img/clin_0056_L.jpg
my_data/test_img/clin_0056_R.jpg
my_data/test_img/clin_0057_L.jpg
my_data/test_img/clin_0057_R.jpg
my_data/test_img/clin_0058_L.jpg
my_data/test_img/clin_0058_R.jpg
my_data/test_img/clin_0059_L.jpg
my_data/test_img/clin_0059_R.jpg
my_data/test_img/clin_0060_L.jpg
my_data/test_img/clin_0060_R.jpg
my_data/test_img/clin_0061_L.jpg
my_data/test_img/clin_0061_R.jpg
my_data/test_img/clin_0062_L.jpg
my_data/test_img/clin_0062_R.jpg
my_data/test_img/clin_0063_L.jpg
my_data/test_img/clin_0063_R.jpg
my_data/test_img/clin_0064_L.jpg
my_data/test_img/clin_0064_R.jpg
my_data/test_img/clin_0065_L.jpg
my_data/test_img/clin_0065_R.jpg
my_data/test_img/clin_0066_L.jpg
my_data/test_img/clin_0066_R.jpg
my_data/test_img/clin_0067_L.jpg
my_data/test_img/clin_0067_R.jpg
my_data/test_img/clin_0068_L.jpg
my_data/test_img/clin_0068_R.jpg
my_data/test_img/clin_0069_L.jpg
my_data/test_img/clin_0069_R.jpg
my_data/test_img/clin_0070_L.jpg
my_data/test_img/clin_0070_R.jpg
my_data/test_img/clin_0071_L.jpg
my_data/test_img/clin_0071_R.jpg
my_data/test_img/clin_0072_L.jpg
my_data/test_img/clin_0072_R.jpg
my_data/test_img/clin_0073_L.jpg
my_data/test_img/clin_0073_R.jpg
my_data/test_img/clin_0074_L.jpg
my_data/test_img/clin_0074_R.jpg
my_data/test_img/clin_0075_L.jpg
my_data/test_img/clin_0075_R.jpg
my_data/test_img/clin_0076_L.jpg
my_data/test_img/clin_0076_R.jpg
my_data/test_img/clin_0077_L.jpg
my_data/test_img/clin_0077_R.jpg
my_data/test_img/clin_0078_L.jpg
my_data/test_img/clin_0078_R.jpg
my_data/test_img/clin_0079_L.jpg
my_data/test_img/clin_0079_R.jpg
my_data/test_img/clin_0080_L.jpg
my_data/test_img/clin_0080_R.jpg
my_data/test_img/clin_0081_L.jpg
my_data/test_img/clin_0081_R.jpg
my_data/test_img/clin_0082_L.jpg
my_data/test_img/clin_0082_R.jpg
my_data/test_img/clin_0083_L.jpg
my_data/test_img/clin_0083_R.jpg
my_data/test_img/clin_0084_L.jpg
my_data/test_img/clin_0084_R.jpg
my_data/test_img/clin_0085_L.jpg
my_data/test_img/clin_0085_R.jpg
my_data/test_img/clin_0086_L.jpg
my_data/test_img/clin_0086_R.jpg
my_data/test_img/clin_0087_L.jpg
my_data/test_img/clin_0087_R.jpg
my_data/test_img/clin_0088_L.jpg
my_data/test_img/clin_0088_R.jpg
my_data/test_img/clin_0089_L.jpg
my_data/test_img/clin_0089_R.jpg
my_data/test_img/clin_0090_L.jpg
my_data/test_img/clin_0090_R.jpg
my_data/test_img/clin_0091_L.jpg
my_data/test_img/clin_0091_R.jpg
my_data/test_img/clin_0092_L.jpg
my_data/test_img/clin_0092_R.jpg
my_data/test_img/clin_0093_L.jpg
my_data/test_img/clin_0093_R.jpg
my_data/test_img/clin_0094_L.jpg
my_data/test_img/clin_0094_R.jpg
my_data/test_img/clin_0095_L.jpg
my_data/test_img/clin_0095_R.jpg
my_data/test_img/clin_0096_L.jpg
my_data/test_img/clin_0096_R.jpg
my_data/test_img/clin_0097_L.jpg
my_data/test_img/clin_0097_R.jpg
my_data/test_img/clin_0098_L.jpg
my_data/test_img/clin_0098_R.jpg
my_data/test_img/clin_0099_L.jpg
my_data/test_img/clin_0099_R.jpg
my_data/test_img/clin_0100_L.jpg
my_data/test_img/clin_0100_R.jpg
my_data/test_img/clin_0101_L.jpg
my_data/test_img/clin_0101_R.jpg
my_data/test_img/clin_0102_L.jpg
my_data/test_img/clin_0102_R.jpg
my_data/test_img/clin_0103_L.jpg
my_data/test_img/clin_0103_R.jpg
my_data/test_img/clin_0104_L.jpg
my_data/test_img/clin_0104_R.jpg
my_data/test_img/clin_0105_L.jpg
my_data/test_img/clin_0105_R.jpg
my_data/test_img/clin_0106_L.jpg
my_data/test_img/clin_0106_R.jpg
my_data/test_img/clin_0107_L.jpg
my_data/test_img/clin_0107_R.jpg
my_data/test_img/clin_0108_L.jpg
my_data/test_img/clin_0108_R.jpg
my_data/test_img/clin_0109_L.jpg